---
source: tests/data.rs
expression: "Table::new(data.iter())"
---
+------+----------------------+-------------------------------------------------------------------------------+
| year | name                 | String                                                                        |
+------+----------------------+-------------------------------------------------------------------------------+
| 2006 | 玉米                 | /dalianshangpin/resource/cms/2014/11/2006c.zip                                |
+------+----------------------+-------------------------------------------------------------------------------+
| 2006 | 豆一                 | /dalianshangpin/resource/cms/2014/11/2006a.zip                                |
+------+----------------------+-------------------------------------------------------------------------------+
| 2006 | 豆二                 | /dalianshangpin/resource/cms/2014/11/2006b.zip                                |
+------+----------------------+-------------------------------------------------------------------------------+
| 2006 | 豆油                 | /dalianshangpin/resource/cms/2014/11/2006y.zip                                |
+------+----------------------+-------------------------------------------------------------------------------+
| 2006 | 豆粕                 | /dalianshangpin/resource/cms/2014/11/2006m.zip                                |
+------+----------------------+-------------------------------------------------------------------------------+
| 2007 | 棕榈油               | /dalianshangpin/resource/cms/2014/11/2007p.zip                                |
+------+----------------------+-------------------------------------------------------------------------------+
| 2007 | 玉米                 | /dalianshangpin/resource/cms/2014/11/2007c.zip                                |
+------+----------------------+-------------------------------------------------------------------------------+
| 2007 | 聚乙烯               | /dalianshangpin/resource/cms/2014/11/2007l.zip                                |
+------+----------------------+-------------------------------------------------------------------------------+
| 2007 | 豆一                 | /dalianshangpin/resource/cms/2014/11/2007a.zip                                |
+------+----------------------+-------------------------------------------------------------------------------+
| 2007 | 豆二                 | /dalianshangpin/resource/cms/2014/11/2007b.zip                                |
+------+----------------------+-------------------------------------------------------------------------------+
| 2007 | 豆油                 | /dalianshangpin/resource/cms/2014/11/2007y.zip                                |
+------+----------------------+-------------------------------------------------------------------------------+
| 2007 | 豆粕                 | /dalianshangpin/resource/cms/2014/11/2007m.zip                                |
+------+----------------------+-------------------------------------------------------------------------------+
| 2008 | 棕榈油               | /dalianshangpin/resource/cms/2014/11/2008p.zip                                |
+------+----------------------+-------------------------------------------------------------------------------+
| 2008 | 玉米                 | /dalianshangpin/resource/cms/2014/11/2008c.zip                                |
+------+----------------------+-------------------------------------------------------------------------------+
| 2008 | 聚乙烯               | /dalianshangpin/resource/cms/2014/11/2008l.zip                                |
+------+----------------------+-------------------------------------------------------------------------------+
| 2008 | 豆一                 | /dalianshangpin/resource/cms/2014/11/2008a.zip                                |
+------+----------------------+-------------------------------------------------------------------------------+
| 2008 | 豆二                 | /dalianshangpin/resource/cms/2014/11/2008b.zip                                |
+------+----------------------+-------------------------------------------------------------------------------+
| 2008 | 豆油                 | /dalianshangpin/resource/cms/2014/11/2008y.zip                                |
+------+----------------------+-------------------------------------------------------------------------------+
| 2008 | 豆粕                 | /dalianshangpin/resource/cms/2014/11/2008m.zip                                |
+------+----------------------+-------------------------------------------------------------------------------+
| 2009 | 棕榈油               | /dalianshangpin/resource/cms/2014/11/2009p.zip                                |
+------+----------------------+-------------------------------------------------------------------------------+
| 2009 | 玉米                 | /dalianshangpin/resource/cms/2014/11/2009c.zip                                |
+------+----------------------+-------------------------------------------------------------------------------+
| 2009 | 聚乙烯               | /dalianshangpin/resource/cms/2014/11/2009l.zip                                |
+------+----------------------+-------------------------------------------------------------------------------+
| 2009 | 聚氯乙烯             | /dalianshangpin/resource/cms/2014/11/2009v.zip                                |
+------+----------------------+-------------------------------------------------------------------------------+
| 2009 | 豆一                 | /dalianshangpin/resource/cms/2014/11/2009a.zip                                |
+------+----------------------+-------------------------------------------------------------------------------+
| 2009 | 豆二                 | /dalianshangpin/resource/cms/2014/11/2009b.zip                                |
+------+----------------------+-------------------------------------------------------------------------------+
| 2009 | 豆油                 | /dalianshangpin/resource/cms/2014/11/2009y.zip                                |
+------+----------------------+-------------------------------------------------------------------------------+
| 2009 | 豆粕                 | /dalianshangpin/resource/cms/2014/11/2009m.zip                                |
+------+----------------------+-------------------------------------------------------------------------------+
| 2010 | 棕榈油               | /dalianshangpin/resource/cms/2014/11/2010p.zip                                |
+------+----------------------+-------------------------------------------------------------------------------+
| 2010 | 玉米                 | /dalianshangpin/resource/cms/2014/11/2010c.zip                                |
+------+----------------------+-------------------------------------------------------------------------------+
| 2010 | 聚乙烯               | /dalianshangpin/resource/cms/2014/11/2010l.zip                                |
+------+----------------------+-------------------------------------------------------------------------------+
| 2010 | 聚氯乙烯             | /dalianshangpin/resource/cms/2014/11/2010v.zip                                |
+------+----------------------+-------------------------------------------------------------------------------+
| 2010 | 豆一                 | /dalianshangpin/resource/cms/2014/11/2010a.zip                                |
+------+----------------------+-------------------------------------------------------------------------------+
| 2010 | 豆二                 | /dalianshangpin/resource/cms/2014/11/2010b.zip                                |
+------+----------------------+-------------------------------------------------------------------------------+
| 2010 | 豆油                 | /dalianshangpin/resource/cms/2014/11/2010y.zip                                |
+------+----------------------+-------------------------------------------------------------------------------+
| 2010 | 豆粕                 | /dalianshangpin/resource/cms/2014/11/2010m.zip                                |
+------+----------------------+-------------------------------------------------------------------------------+
| 2011 | 棕榈油               | /dalianshangpin/resource/cms/2014/11/2011p.zip                                |
+------+----------------------+-------------------------------------------------------------------------------+
| 2011 | 焦炭                 | /dalianshangpin/resource/cms/2014/11/2011j.zip                                |
+------+----------------------+-------------------------------------------------------------------------------+
| 2011 | 玉米                 | /dalianshangpin/resource/cms/2014/11/2011c.zip                                |
+------+----------------------+-------------------------------------------------------------------------------+
| 2011 | 聚乙烯               | /dalianshangpin/resource/cms/2014/11/2011l.zip                                |
+------+----------------------+-------------------------------------------------------------------------------+
| 2011 | 聚氯乙烯             | /dalianshangpin/resource/cms/2014/11/2011v.zip                                |
+------+----------------------+-------------------------------------------------------------------------------+
| 2011 | 豆一                 | /dalianshangpin/resource/cms/2014/11/2011a.zip                                |
+------+----------------------+-------------------------------------------------------------------------------+
| 2011 | 豆二                 | /dalianshangpin/resource/cms/2014/11/2011b.zip                                |
+------+----------------------+-------------------------------------------------------------------------------+
| 2011 | 豆油                 | /dalianshangpin/resource/cms/2014/11/2011y.zip                                |
+------+----------------------+-------------------------------------------------------------------------------+
| 2011 | 豆粕                 | /dalianshangpin/resource/cms/2014/11/2011m.zip                                |
+------+----------------------+-------------------------------------------------------------------------------+
| 2012 | 棕榈油               | /dalianshangpin/resource/cms/2014/11/2012p.zip                                |
+------+----------------------+-------------------------------------------------------------------------------+
| 2012 | 焦炭                 | /dalianshangpin/resource/cms/2014/11/2012j.zip                                |
+------+----------------------+-------------------------------------------------------------------------------+
| 2012 | 玉米                 | /dalianshangpin/resource/cms/2014/11/2012c.zip                                |
+------+----------------------+-------------------------------------------------------------------------------+
| 2012 | 聚乙烯               | /dalianshangpin/resource/cms/2014/11/2012l.zip                                |
+------+----------------------+-------------------------------------------------------------------------------+
| 2012 | 聚氯乙烯             | /dalianshangpin/resource/cms/2014/11/2012v.zip                                |
+------+----------------------+-------------------------------------------------------------------------------+
| 2012 | 豆一                 | /dalianshangpin/resource/cms/2014/11/2012a.zip                                |
+------+----------------------+-------------------------------------------------------------------------------+
| 2012 | 豆二                 | /dalianshangpin/resource/cms/2014/11/2012b.zip                                |
+------+----------------------+-------------------------------------------------------------------------------+
| 2012 | 豆油                 | /dalianshangpin/resource/cms/2014/11/2012y.zip                                |
+------+----------------------+-------------------------------------------------------------------------------+
| 2012 | 豆粕                 | /dalianshangpin/resource/cms/2014/11/2012m.zip                                |
+------+----------------------+-------------------------------------------------------------------------------+
| 2013 | 棕榈油               | /dalianshangpin/resource/cms/2014/11/2013p.zip                                |
+------+----------------------+-------------------------------------------------------------------------------+
| 2013 | 焦炭                 | /dalianshangpin/resource/cms/2014/11/2013j.zip                                |
+------+----------------------+-------------------------------------------------------------------------------+
| 2013 | 焦煤                 | /dalianshangpin/resource/cms/2014/11/2013jm.zip                               |
+------+----------------------+-------------------------------------------------------------------------------+
| 2013 | 玉米                 | /dalianshangpin/resource/cms/2014/11/2013c.zip                                |
+------+----------------------+-------------------------------------------------------------------------------+
| 2013 | 纤维板               | /dalianshangpin/resource/cms/2014/11/2013fb.zip                               |
+------+----------------------+-------------------------------------------------------------------------------+
| 2013 | 聚乙烯               | /dalianshangpin/resource/cms/2017/12/2017120117253822650.zip                  |
+------+----------------------+-------------------------------------------------------------------------------+
| 2013 | 聚氯乙烯             | /dalianshangpin/resource/cms/2017/12/2017120409280461541.zip                  |
+------+----------------------+-------------------------------------------------------------------------------+
| 2013 | 胶合板               | /dalianshangpin/resource/cms/2014/11/2013bb.zip                               |
+------+----------------------+-------------------------------------------------------------------------------+
| 2013 | 豆一                 | /dalianshangpin/resource/cms/2014/11/2013a.zip                                |
+------+----------------------+-------------------------------------------------------------------------------+
| 2013 | 豆二                 | /dalianshangpin/resource/cms/2014/11/2013b.zip                                |
+------+----------------------+-------------------------------------------------------------------------------+
| 2013 | 豆油                 | /dalianshangpin/resource/cms/2014/11/2013y.zip                                |
+------+----------------------+-------------------------------------------------------------------------------+
| 2013 | 豆粕                 | /dalianshangpin/resource/cms/2014/11/2013m.zip                                |
+------+----------------------+-------------------------------------------------------------------------------+
| 2013 | 铁矿石               | /dalianshangpin/resource/cms/2014/11/2013i.zip                                |
+------+----------------------+-------------------------------------------------------------------------------+
| 2013 | 鸡蛋                 | /dalianshangpin/resource/cms/2014/11/2013jd.zip                               |
+------+----------------------+-------------------------------------------------------------------------------+
| 2014 | 棕榈油               | /dalianshangpin/resource/cms/2016/01/2014p.zip                                |
+------+----------------------+-------------------------------------------------------------------------------+
| 2014 | 焦炭                 | /dalianshangpin/resource/cms/2016/01/2014j.zip                                |
+------+----------------------+-------------------------------------------------------------------------------+
| 2014 | 焦煤                 | /dalianshangpin/resource/cms/2016/01/2014jm.zip                               |
+------+----------------------+-------------------------------------------------------------------------------+
| 2014 | 玉米                 | /dalianshangpin/resource/cms/2016/01/2014c.zip                                |
+------+----------------------+-------------------------------------------------------------------------------+
| 2014 | 玉米淀粉             | /dalianshangpin/resource/cms/2016/01/2014cs.zip                               |
+------+----------------------+-------------------------------------------------------------------------------+
| 2014 | 纤维板               | /dalianshangpin/resource/cms/2016/01/2014fb.zip                               |
+------+----------------------+-------------------------------------------------------------------------------+
| 2014 | 聚丙烯               | /dalianshangpin/resource/cms/2016/01/2014pp.zip                               |
+------+----------------------+-------------------------------------------------------------------------------+
| 2014 | 聚乙烯               | /dalianshangpin/resource/cms/2016/01/2014l.zip                                |
+------+----------------------+-------------------------------------------------------------------------------+
| 2014 | 聚氯乙烯             | /dalianshangpin/resource/cms/2016/01/2014v.zip                                |
+------+----------------------+-------------------------------------------------------------------------------+
| 2014 | 胶合板               | /dalianshangpin/resource/cms/2016/01/2014bb.zip                               |
+------+----------------------+-------------------------------------------------------------------------------+
| 2014 | 豆一                 | /dalianshangpin/resource/cms/2016/01/2014a.zip                                |
+------+----------------------+-------------------------------------------------------------------------------+
| 2014 | 豆二                 | /dalianshangpin/resource/cms/2016/01/2014b.zip                                |
+------+----------------------+-------------------------------------------------------------------------------+
| 2014 | 豆油                 | /dalianshangpin/resource/cms/2016/01/2014y.zip                                |
+------+----------------------+-------------------------------------------------------------------------------+
| 2014 | 豆粕                 | /dalianshangpin/resource/cms/2017/12/2014m.zip                                |
+------+----------------------+-------------------------------------------------------------------------------+
| 2014 | 铁矿石               | /dalianshangpin/resource/cms/2016/01/2014i.zip                                |
+------+----------------------+-------------------------------------------------------------------------------+
| 2014 | 鸡蛋                 | /dalianshangpin/resource/cms/2016/01/2014jd.zip                               |
+------+----------------------+-------------------------------------------------------------------------------+
| 2015 | 棕榈油               | /dalianshangpin/resource/cms/2016/06/2015p.zip                                |
+------+----------------------+-------------------------------------------------------------------------------+
| 2015 | 焦炭                 | /dalianshangpin/resource/cms/2016/06/2015j.zip                                |
+------+----------------------+-------------------------------------------------------------------------------+
| 2015 | 焦煤                 | /dalianshangpin/resource/cms/2016/06/2015jm.zip                               |
+------+----------------------+-------------------------------------------------------------------------------+
| 2015 | 玉米                 | /dalianshangpin/resource/cms/2016/06/2015c.zip                                |
+------+----------------------+-------------------------------------------------------------------------------+
| 2015 | 玉米淀粉             | /dalianshangpin/resource/cms/2016/06/2015cs.zip                               |
+------+----------------------+-------------------------------------------------------------------------------+
| 2015 | 纤维板               | /dalianshangpin/resource/cms/2016/06/2015fb.zip                               |
+------+----------------------+-------------------------------------------------------------------------------+
| 2015 | 聚丙烯               | /dalianshangpin/resource/cms/2016/06/2015pp.zip                               |
+------+----------------------+-------------------------------------------------------------------------------+
| 2015 | 聚乙烯               | /dalianshangpin/resource/cms/2016/06/2015l.zip                                |
+------+----------------------+-------------------------------------------------------------------------------+
| 2015 | 聚氯乙烯             | /dalianshangpin/resource/cms/2016/06/2015v.zip                                |
+------+----------------------+-------------------------------------------------------------------------------+
| 2015 | 胶合板               | /dalianshangpin/resource/cms/2016/06/2015bb.zip                               |
+------+----------------------+-------------------------------------------------------------------------------+
| 2015 | 豆一                 | /dalianshangpin/resource/cms/2016/06/2015a.zip                                |
+------+----------------------+-------------------------------------------------------------------------------+
| 2015 | 豆二                 | /dalianshangpin/resource/cms/2016/06/2015b.zip                                |
+------+----------------------+-------------------------------------------------------------------------------+
| 2015 | 豆油                 | /dalianshangpin/resource/cms/2016/06/2015y.zip                                |
+------+----------------------+-------------------------------------------------------------------------------+
| 2015 | 豆粕                 | /dalianshangpin/resource/cms/2016/06/2015m.zip                                |
+------+----------------------+-------------------------------------------------------------------------------+
| 2015 | 铁矿石               | /dalianshangpin/resource/cms/2016/06/2015i.zip                                |
+------+----------------------+-------------------------------------------------------------------------------+
| 2015 | 鸡蛋                 | /dalianshangpin/resource/cms/2016/06/2015jd.zip                               |
+------+----------------------+-------------------------------------------------------------------------------+
| 2016 | 棕榈油               | /dalianshangpin/resource/cms/2017/04/p.zip                                    |
+------+----------------------+-------------------------------------------------------------------------------+
| 2016 | 焦炭                 | /dalianshangpin/resource/cms/2017/04/j.zip                                    |
+------+----------------------+-------------------------------------------------------------------------------+
| 2016 | 焦煤                 | /dalianshangpin/resource/cms/2017/04/jm.zip                                   |
+------+----------------------+-------------------------------------------------------------------------------+
| 2016 | 玉米                 | /dalianshangpin/resource/cms/2017/04/c.zip                                    |
+------+----------------------+-------------------------------------------------------------------------------+
| 2016 | 玉米淀粉             | /dalianshangpin/resource/cms/2017/04/cs.zip                                   |
+------+----------------------+-------------------------------------------------------------------------------+
| 2016 | 纤维板               | /dalianshangpin/resource/cms/2017/04/fb.zip                                   |
+------+----------------------+-------------------------------------------------------------------------------+
| 2016 | 聚丙烯               | /dalianshangpin/resource/cms/2017/04/pp.zip                                   |
+------+----------------------+-------------------------------------------------------------------------------+
| 2016 | 聚乙烯               | /dalianshangpin/resource/cms/2017/04/l.zip                                    |
+------+----------------------+-------------------------------------------------------------------------------+
| 2016 | 聚氯乙烯             | /dalianshangpin/resource/cms/2017/04/v.zip                                    |
+------+----------------------+-------------------------------------------------------------------------------+
| 2016 | 胶合板               | /dalianshangpin/resource/cms/2017/04/bb.zip                                   |
+------+----------------------+-------------------------------------------------------------------------------+
| 2016 | 豆一                 | /dalianshangpin/resource/cms/2017/04/a.zip                                    |
+------+----------------------+-------------------------------------------------------------------------------+
| 2016 | 豆二                 | /dalianshangpin/resource/cms/2017/04/b.zip                                    |
+------+----------------------+-------------------------------------------------------------------------------+
| 2016 | 豆油                 | /dalianshangpin/resource/cms/2017/04/y.zip                                    |
+------+----------------------+-------------------------------------------------------------------------------+
| 2016 | 豆粕                 | /dalianshangpin/resource/cms/2017/04/m.zip                                    |
+------+----------------------+-------------------------------------------------------------------------------+
| 2016 | 铁矿石               | /dalianshangpin/resource/cms/2017/04/i.zip                                    |
+------+----------------------+-------------------------------------------------------------------------------+
| 2016 | 鸡蛋                 | /dalianshangpin/resource/cms/2017/04/jd.zip                                   |
+------+----------------------+-------------------------------------------------------------------------------+
| 2017 | 棕榈油               | /dalianshangpin/resource/cms/2018/01/2018011113510049272.csv                  |
+------+----------------------+-------------------------------------------------------------------------------+
| 2017 | 焦炭                 | /dalianshangpin/resource/cms/2018/01/2018011113435971763.csv                  |
+------+----------------------+-------------------------------------------------------------------------------+
| 2017 | 焦煤                 | /dalianshangpin/resource/cms/2018/01/2018011113433613267.csv                  |
+------+----------------------+-------------------------------------------------------------------------------+
| 2017 | 玉米                 | /dalianshangpin/resource/cms/article/6084184/6084269/2018011113545470783.zip  |
+------+----------------------+-------------------------------------------------------------------------------+
| 2017 | 玉米淀粉             | /dalianshangpin/resource/cms/2018/01/2018011113541720772.csv                  |
+------+----------------------+-------------------------------------------------------------------------------+
| 2017 | 纤维板               | /dalianshangpin/resource/cms/2018/01/2018011113495123053.csv                  |
+------+----------------------+-------------------------------------------------------------------------------+
| 2017 | 聚丙烯               | /dalianshangpin/resource/cms/2018/01/2018011113445452877.csv                  |
+------+----------------------+-------------------------------------------------------------------------------+
| 2017 | 聚乙烯               | /dalianshangpin/resource/cms/2018/01/2018011113483039605.csv                  |
+------+----------------------+-------------------------------------------------------------------------------+
| 2017 | 聚氯乙烯             | /dalianshangpin/resource/cms/2018/01/2018011113473562155.csv                  |
+------+----------------------+-------------------------------------------------------------------------------+
| 2017 | 胶合板               | /dalianshangpin/resource/cms/2018/01/2018011113491199156.csv                  |
+------+----------------------+-------------------------------------------------------------------------------+
| 2017 | 豆一                 | /dalianshangpin/resource/cms/2018/01/2018011113533776164.csv                  |
+------+----------------------+-------------------------------------------------------------------------------+
| 2017 | 豆二                 | /dalianshangpin/resource/cms/2018/01/2018011113530726662.csv                  |
+------+----------------------+-------------------------------------------------------------------------------+
| 2017 | 豆油                 | /dalianshangpin/resource/cms/2018/01/2018011113514177523.csv                  |
+------+----------------------+-------------------------------------------------------------------------------+
| 2017 | 豆粕                 | /dalianshangpin/resource/cms/2018/01/2018011113522038255.csv                  |
+------+----------------------+-------------------------------------------------------------------------------+
| 2017 | 豆粕期权             | /dalianshangpin/resource/cms/2018/02/2018020510281786791.csv                  |
+------+----------------------+-------------------------------------------------------------------------------+
| 2017 | 铁矿石               | /dalianshangpin/resource/cms/2018/01/2018011113424399877.csv                  |
+------+----------------------+-------------------------------------------------------------------------------+
| 2017 | 鸡蛋                 | /dalianshangpin/resource/cms/2018/01/2018011113502120120.csv                  |
+------+----------------------+-------------------------------------------------------------------------------+
| 2018 | 乙二醇               | /dalianshangpin/resource/cms/2019/01/2019012315561575616.xlsx                 |
+------+----------------------+-------------------------------------------------------------------------------+
| 2018 | 棕榈油               | /dalianshangpin/resource/cms/2019/01/2019012315512984994.xlsx                 |
+------+----------------------+-------------------------------------------------------------------------------+
| 2018 | 焦炭                 | /dalianshangpin/resource/cms/2019/01/2019012315545146176.xlsx                 |
+------+----------------------+-------------------------------------------------------------------------------+
| 2018 | 焦煤                 | /dalianshangpin/resource/cms/2019/01/2019012315551924286.xlsx                 |
+------+----------------------+-------------------------------------------------------------------------------+
| 2018 | 玉米                 | /dalianshangpin/resource/cms/2019/01/2019012315465149647.xlsx                 |
+------+----------------------+-------------------------------------------------------------------------------+
| 2018 | 玉米淀粉             | /dalianshangpin/resource/cms/2019/01/2019012315472636617.xlsx                 |
+------+----------------------+-------------------------------------------------------------------------------+
| 2018 | 纤维板               | /dalianshangpin/resource/cms/2019/01/2019012315521325884.xlsx                 |
+------+----------------------+-------------------------------------------------------------------------------+
| 2018 | 聚丙烯               | /dalianshangpin/resource/cms/2019/01/2019012315542858952.xlsx                 |
+------+----------------------+-------------------------------------------------------------------------------+
| 2018 | 聚乙烯               | /dalianshangpin/resource/cms/2019/01/2019012315533698043.xlsx                 |
+------+----------------------+-------------------------------------------------------------------------------+
| 2018 | 聚氯乙烯             | /dalianshangpin/resource/cms/2019/01/2019012315540434464.xlsx                 |
+------+----------------------+-------------------------------------------------------------------------------+
| 2018 | 胶合板               | /dalianshangpin/resource/cms/2019/01/2019012315524222344.xlsx                 |
+------+----------------------+-------------------------------------------------------------------------------+
| 2018 | 豆一                 | /dalianshangpin/resource/cms/2019/01/2019012315491595717.xlsx                 |
+------+----------------------+-------------------------------------------------------------------------------+
| 2018 | 豆二                 | /dalianshangpin/resource/cms/2019/01/2019012315494384352.xlsx                 |
+------+----------------------+-------------------------------------------------------------------------------+
| 2018 | 豆油                 | /dalianshangpin/resource/cms/2019/01/2019012315510143573.xlsx                 |
+------+----------------------+-------------------------------------------------------------------------------+
| 2018 | 豆粕                 | /dalianshangpin/resource/cms/2019/01/2019012315503149436.xlsx                 |
+------+----------------------+-------------------------------------------------------------------------------+
| 2018 | 豆粕期权             | /dalianshangpin/resource/cms/2019/01/2019012314555751099.xls                  |
+------+----------------------+-------------------------------------------------------------------------------+
| 2018 | 铁矿石               | /dalianshangpin/resource/cms/2019/01/2019012315554441476.xlsx                 |
+------+----------------------+-------------------------------------------------------------------------------+
| 2018 | 鸡蛋                 | /dalianshangpin/resource/cms/2019/01/2019012315531120895.xlsx                 |
+------+----------------------+-------------------------------------------------------------------------------+
| 2019 | 乙二醇               | /dalianshangpin/resource/cms/2020/03/2020030415295890859.xlsx                 |
+------+----------------------+-------------------------------------------------------------------------------+
| 2019 | 棕榈油               | /dalianshangpin/resource/cms/2020/03/2020030415242835829.xlsx                 |
+------+----------------------+-------------------------------------------------------------------------------+
| 2019 | 焦炭                 | /dalianshangpin/resource/cms/2020/03/2020030415285941846.xlsx                 |
+------+----------------------+-------------------------------------------------------------------------------+
| 2019 | 焦煤                 | /dalianshangpin/resource/cms/2020/03/2020030415291887285.xlsx                 |
+------+----------------------+-------------------------------------------------------------------------------+
| 2019 | 玉米                 | /dalianshangpin/resource/cms/2020/03/2020030415204421551.xlsx                 |
+------+----------------------+-------------------------------------------------------------------------------+
| 2019 | 玉米期权             | /dalianshangpin/resource/cms/2020/03/2020030415311320527.xlsx                 |
+------+----------------------+-------------------------------------------------------------------------------+
| 2019 | 玉米淀粉             | /dalianshangpin/resource/cms/2020/03/2020030415211863019.xlsx                 |
+------+----------------------+-------------------------------------------------------------------------------+
| 2019 | 粳米                 | /dalianshangpin/resource/cms/2020/03/2020030415262149049.xlsx                 |
+------+----------------------+-------------------------------------------------------------------------------+
| 2019 | 纤维板               | /dalianshangpin/resource/cms/2020/03/2020030415245211544.xlsx                 |
+------+----------------------+-------------------------------------------------------------------------------+
| 2019 | 聚丙烯               | /dalianshangpin/resource/cms/2020/03/2020030415282681081.xlsx                 |
+------+----------------------+-------------------------------------------------------------------------------+
| 2019 | 聚乙烯               | /dalianshangpin/resource/cms/2020/03/2020030415272788537.xlsx                 |
+------+----------------------+-------------------------------------------------------------------------------+
| 2019 | 聚氯乙烯             | /dalianshangpin/resource/cms/2020/03/2020030415275871266.xlsx                 |
+------+----------------------+-------------------------------------------------------------------------------+
| 2019 | 胶合板               | /dalianshangpin/resource/cms/2020/03/2020030415251943821.xlsx                 |
+------+----------------------+-------------------------------------------------------------------------------+
| 2019 | 苯乙烯               | /dalianshangpin/resource/cms/2020/03/2020030415301775856.xlsx                 |
+------+----------------------+-------------------------------------------------------------------------------+
| 2019 | 豆一                 | /dalianshangpin/resource/cms/2020/03/2020030415214926535.xlsx                 |
+------+----------------------+-------------------------------------------------------------------------------+
| 2019 | 豆二                 | /dalianshangpin/resource/cms/2020/03/2020030415221765732.xlsx                 |
+------+----------------------+-------------------------------------------------------------------------------+
| 2019 | 豆油                 | /dalianshangpin/resource/cms/2020/03/2020030415240310680.xlsx                 |
+------+----------------------+-------------------------------------------------------------------------------+
| 2019 | 豆粕                 | /dalianshangpin/resource/cms/2020/03/2020030415233887199.xlsx                 |
+------+----------------------+-------------------------------------------------------------------------------+
| 2019 | 豆粕期权             | /dalianshangpin/resource/cms/2020/03/2020030415305437730.xlsx                 |
+------+----------------------+-------------------------------------------------------------------------------+
| 2019 | 铁矿石               | /dalianshangpin/resource/cms/2020/03/2020030415294181033.xlsx                 |
+------+----------------------+-------------------------------------------------------------------------------+
| 2019 | 铁矿石期权           | /dalianshangpin/resource/cms/2020/03/2020030415313970748.xlsx                 |
+------+----------------------+-------------------------------------------------------------------------------+
| 2019 | 鸡蛋                 | /dalianshangpin/resource/cms/2020/03/2020030415255843776.xlsx                 |
+------+----------------------+-------------------------------------------------------------------------------+
| 2020 | 乙二醇               | /dalianshangpin/resource/cms/2021/01/2021013022205350779.xlsx                 |
+------+----------------------+-------------------------------------------------------------------------------+
| 2020 | 棕榈油               | /dalianshangpin/resource/cms/2021/01/2021013022255680433.xlsx                 |
+------+----------------------+-------------------------------------------------------------------------------+
| 2020 | 液化石油气           | /dalianshangpin/resource/cms/2021/01/2021013022202095737.xlsx                 |
+------+----------------------+-------------------------------------------------------------------------------+
| 2020 | 液化石油气期权       | /dalianshangpin/resource/cms/2021/01/2021013021315683739.xlsx                 |
+------+----------------------+-------------------------------------------------------------------------------+
| 2020 | 焦炭                 | /dalianshangpin/resource/cms/2021/01/2021013022223115141.xlsx                 |
+------+----------------------+-------------------------------------------------------------------------------+
| 2020 | 焦煤                 | /dalianshangpin/resource/cms/2021/01/2021013022221421028.xlsx                 |
+------+----------------------+-------------------------------------------------------------------------------+
| 2020 | 玉米                 | /dalianshangpin/resource/cms/2021/01/2021013022310721941.xlsx                 |
+------+----------------------+-------------------------------------------------------------------------------+
| 2020 | 玉米期权             | /dalianshangpin/resource/cms/2021/01/2021013021340884530.xlsx                 |
+------+----------------------+-------------------------------------------------------------------------------+
| 2020 | 玉米淀粉             | /dalianshangpin/resource/cms/2021/01/2021013022303925750.xlsx                 |
+------+----------------------+-------------------------------------------------------------------------------+
| 2020 | 粳米                 | /dalianshangpin/resource/cms/2021/01/2021013022241717445.xlsx                 |
+------+----------------------+-------------------------------------------------------------------------------+
| 2020 | 纤维板               | /dalianshangpin/resource/cms/2021/01/2021013022250662794.xlsx                 |
+------+----------------------+-------------------------------------------------------------------------------+
| 2020 | 线型低密度聚乙烯     | /dalianshangpin/resource/cms/2021/01/2021013022234479603.xlsx                 |
+------+----------------------+-------------------------------------------------------------------------------+
| 2020 | 线型低密度聚乙烯期权 | /dalianshangpin/resource/cms/2021/01/2021013021301657579.xlsx                 |
+------+----------------------+-------------------------------------------------------------------------------+
| 2020 | 聚丙烯               | /dalianshangpin/resource/cms/2021/01/2021013022230187061.xlsx                 |
+------+----------------------+-------------------------------------------------------------------------------+
| 2020 | 聚丙烯期权           | /dalianshangpin/resource/cms/2021/01/2021013021311097486.xlsx                 |
+------+----------------------+-------------------------------------------------------------------------------+
| 2020 | 聚氯乙烯             | /dalianshangpin/resource/cms/2021/01/2021013022232092285.xlsx                 |
+------+----------------------+-------------------------------------------------------------------------------+
| 2020 | 聚氯乙烯期权         | /dalianshangpin/resource/cms/2021/01/2021013021305074133.xlsx                 |
+------+----------------------+-------------------------------------------------------------------------------+
| 2020 | 胶合板               | /dalianshangpin/resource/cms/2021/01/2021013022244890750.xlsx                 |
+------+----------------------+-------------------------------------------------------------------------------+
| 2020 | 苯乙烯               | /dalianshangpin/resource/cms/2021/01/2021013022203790813.xlsx                 |
+------+----------------------+-------------------------------------------------------------------------------+
| 2020 | 豆油                 | /dalianshangpin/resource/cms/2021/01/2021013022262921602.xlsx                 |
+------+----------------------+-------------------------------------------------------------------------------+
| 2020 | 豆粕                 | /dalianshangpin/resource/cms/2021/01/2021013022274187325.xlsx                 |
+------+----------------------+-------------------------------------------------------------------------------+
| 2020 | 豆粕期权             | /dalianshangpin/resource/cms/2021/01/2021013021343598603.xlsx                 |
+------+----------------------+-------------------------------------------------------------------------------+
| 2020 | 铁矿石               | /dalianshangpin/resource/cms/2021/01/2021013022215227661.xlsx                 |
+------+----------------------+-------------------------------------------------------------------------------+
| 2020 | 铁矿石期权           | /dalianshangpin/resource/cms/2021/01/2021013021313595298.xlsx                 |
+------+----------------------+-------------------------------------------------------------------------------+
| 2020 | 鸡蛋                 | /dalianshangpin/resource/cms/2021/01/2021013022243031608.xlsx                 |
+------+----------------------+-------------------------------------------------------------------------------+
| 2020 | 黄大豆1号            | /dalianshangpin/resource/cms/2021/01/2021013022293775777.xlsx                 |
+------+----------------------+-------------------------------------------------------------------------------+
| 2020 | 黄大豆2号            | /dalianshangpin/resource/cms/2021/01/2021013022290225068.xlsx                 |
+------+----------------------+-------------------------------------------------------------------------------+
| 2021 | 乙二醇               | /dalianshangpin/resource/cms/article/6301842/6301988/2022011115222980826.xlsx |
+------+----------------------+-------------------------------------------------------------------------------+
| 2021 | 棕榈油               | /dalianshangpin/resource/cms/article/6301842/6302021/2022011115180238885.xlsx |
+------+----------------------+-------------------------------------------------------------------------------+
| 2021 | 棕榈油期权           | /dalianshangpin/resource/cms/article/6301842/6302946/2022012410263254765.xlsx |
+------+----------------------+-------------------------------------------------------------------------------+
| 2021 | 液化石油气           | /dalianshangpin/resource/cms/article/6301842/6301981/2022011115231668959.xlsx |
+------+----------------------+-------------------------------------------------------------------------------+
| 2021 | 液化石油气期权       | /dalianshangpin/resource/cms/article/6301842/6301969/2022011116124020978.xlsx |
+------+----------------------+-------------------------------------------------------------------------------+
| 2021 | 焦炭                 | /dalianshangpin/resource/cms/article/6301842/6301997/2022011115212776517.xlsx |
+------+----------------------+-------------------------------------------------------------------------------+
| 2021 | 焦煤                 | /dalianshangpin/resource/cms/article/6301842/6301994/2022011115214830698.xlsx |
+------+----------------------+-------------------------------------------------------------------------------+
| 2021 | 玉米                 | /dalianshangpin/resource/cms/article/6301842/6302039/2022011115155758271.xlsx |
+------+----------------------+-------------------------------------------------------------------------------+
| 2021 | 玉米期权             | /dalianshangpin/resource/cms/article/6301842/6301975/2022011116164732297.xlsx |
+------+----------------------+-------------------------------------------------------------------------------+
| 2021 | 玉米淀粉             | /dalianshangpin/resource/cms/article/6301842/6302036/2022011115161813729.xlsx |
+------+----------------------+-------------------------------------------------------------------------------+
| 2021 | 生猪                 | /dalianshangpin/resource/cms/article/6301842/6302967/2022012410265645980.xlsx |
+------+----------------------+-------------------------------------------------------------------------------+
| 2021 | 粳米                 | /dalianshangpin/resource/cms/article/6301842/6302009/2022011115192240045.xlsx |
+------+----------------------+-------------------------------------------------------------------------------+
| 2021 | 纤维板               | /dalianshangpin/resource/cms/article/6301842/6302018/2022011115182220905.xlsx |
+------+----------------------+-------------------------------------------------------------------------------+
| 2021 | 线型低密度聚乙烯     | /dalianshangpin/resource/cms/article/6301842/6302006/2022011115202775390.xlsx |
+------+----------------------+-------------------------------------------------------------------------------+
| 2021 | 线型低密度聚乙烯期权 | /dalianshangpin/resource/cms/article/6301842/6301940/2022011115545589348.xlsx |
+------+----------------------+-------------------------------------------------------------------------------+
| 2021 | 聚丙烯               | /dalianshangpin/resource/cms/article/6301842/6302000/2022011115210913087.xlsx |
+------+----------------------+-------------------------------------------------------------------------------+
| 2021 | 聚丙烯期权           | /dalianshangpin/resource/cms/article/6301842/6301946/2022011116055576862.xlsx |
+------+----------------------+-------------------------------------------------------------------------------+
| 2021 | 聚氯乙烯             | /dalianshangpin/resource/cms/article/6301842/6302003/2022011115204944778.xlsx |
+------+----------------------+-------------------------------------------------------------------------------+
| 2021 | 聚氯乙烯期权         | /dalianshangpin/resource/cms/article/6301842/6301943/2022011116011717109.xlsx |
+------+----------------------+-------------------------------------------------------------------------------+
| 2021 | 胶合板               | /dalianshangpin/resource/cms/article/6301842/6302015/2022011115184083139.xlsx |
+------+----------------------+-------------------------------------------------------------------------------+
| 2021 | 苯乙烯               | /dalianshangpin/resource/cms/article/6301842/6301984/2022011115225465161.xlsx |
+------+----------------------+-------------------------------------------------------------------------------+
| 2021 | 豆油                 | /dalianshangpin/resource/cms/article/6301842/6302024/2022011115174251997.xlsx |
+------+----------------------+-------------------------------------------------------------------------------+
| 2021 | 豆粕                 | /dalianshangpin/resource/cms/article/6301842/6302027/2022011115172049823.xlsx |
+------+----------------------+-------------------------------------------------------------------------------+
| 2021 | 豆粕期权             | /dalianshangpin/resource/cms/article/6301842/6301978/2022011116174814101.xlsx |
+------+----------------------+-------------------------------------------------------------------------------+
| 2021 | 铁矿石               | /dalianshangpin/resource/cms/article/6301842/6301991/2022011115220930165.xlsx |
+------+----------------------+-------------------------------------------------------------------------------+
| 2021 | 铁矿石期权           | /dalianshangpin/resource/cms/article/6301842/6301972/2022011116151217424.xlsx |
+------+----------------------+-------------------------------------------------------------------------------+
| 2021 | 鸡蛋                 | /dalianshangpin/resource/cms/article/6301842/6302012/2022011115190249191.xlsx |
+------+----------------------+-------------------------------------------------------------------------------+
| 2021 | 黄大豆1号            | /dalianshangpin/resource/cms/article/6301842/6302033/2022011115163565851.xlsx |
+------+----------------------+-------------------------------------------------------------------------------+
| 2021 | 黄大豆2号            | /dalianshangpin/resource/cms/article/6301842/6302030/2022011115170016809.xlsx |
+------+----------------------+-------------------------------------------------------------------------------+
| 2022 | 乙二醇               | /dalianshangpin/resource/cms/article/8530800/8533709/eg.xlsx                  |
+------+----------------------+-------------------------------------------------------------------------------+
| 2022 | 棕榈油               | /dalianshangpin/resource/cms/article/8530800/8533739/p.xlsx                   |
+------+----------------------+-------------------------------------------------------------------------------+
| 2022 | 棕榈油期权           | /dalianshangpin/resource/cms/article/8530800/8533777/opt_p.xlsx               |
+------+----------------------+-------------------------------------------------------------------------------+
| 2022 | 液化石油气           | /dalianshangpin/resource/cms/article/8530800/8533741/pg.xlsx                  |
+------+----------------------+-------------------------------------------------------------------------------+
| 2022 | 液化石油气期权       | /dalianshangpin/resource/cms/article/8530800/8533787/opt_pg.xlsx              |
+------+----------------------+-------------------------------------------------------------------------------+
| 2022 | 焦炭                 | /dalianshangpin/resource/cms/article/8530800/8533712/j.xlsx                   |
+------+----------------------+-------------------------------------------------------------------------------+
| 2022 | 焦煤                 | /dalianshangpin/resource/cms/article/8530800/8533729/jm.xlsx                  |
+------+----------------------+-------------------------------------------------------------------------------+
| 2022 | 玉米                 | /dalianshangpin/resource/cms/article/8530800/8533705/c.xlsx                   |
+------+----------------------+-------------------------------------------------------------------------------+
| 2022 | 玉米期权             | /dalianshangpin/resource/cms/article/8530800/8533750/2021opt_c_new.xlsx       |
+------+----------------------+-------------------------------------------------------------------------------+
| 2022 | 玉米淀粉             | /dalianshangpin/resource/cms/article/8530800/8533706/cs.xlsx                  |
+------+----------------------+-------------------------------------------------------------------------------+
| 2022 | 生猪                 | /dalianshangpin/resource/cms/article/8530800/8533730/lh.xlsx                  |
+------+----------------------+-------------------------------------------------------------------------------+
| 2022 | 粳米                 | /dalianshangpin/resource/cms/article/8530800/8533740/rr.xlsx                  |
+------+----------------------+-------------------------------------------------------------------------------+
| 2022 | 纤维板               | /dalianshangpin/resource/cms/article/8530800/8533723/fb.xlsx                  |
+------+----------------------+-------------------------------------------------------------------------------+
| 2022 | 线型低密度聚乙烯     | /dalianshangpin/resource/cms/article/8530800/8533736/l.xlsx                   |
+------+----------------------+-------------------------------------------------------------------------------+
| 2022 | 线型低密度聚乙烯期权 | /dalianshangpin/resource/cms/article/8530800/8533793/opt_l.xlsx               |
+------+----------------------+-------------------------------------------------------------------------------+
| 2022 | 聚丙烯               | /dalianshangpin/resource/cms/article/8530800/8533767/pp.xlsx                  |
+------+----------------------+-------------------------------------------------------------------------------+
| 2022 | 聚丙烯期权           | /dalianshangpin/resource/cms/article/8530800/8533799/opt_pp.xlsx              |
+------+----------------------+-------------------------------------------------------------------------------+
| 2022 | 聚氯乙烯             | /dalianshangpin/resource/cms/article/8530800/8533770/v.xlsx                   |
+------+----------------------+-------------------------------------------------------------------------------+
| 2022 | 聚氯乙烯期权         | /dalianshangpin/resource/cms/article/8530800/8533796/opt_v.xlsx               |
+------+----------------------+-------------------------------------------------------------------------------+
| 2022 | 胶合板               | /dalianshangpin/resource/cms/article/8530800/8533704/bb.xlsx                  |
+------+----------------------+-------------------------------------------------------------------------------+
| 2022 | 苯乙烯               | /dalianshangpin/resource/cms/article/8530800/8533698/eb.xlsx                  |
+------+----------------------+-------------------------------------------------------------------------------+
| 2022 | 豆油                 | /dalianshangpin/resource/cms/article/8530800/8533764/y.xlsx                   |
+------+----------------------+-------------------------------------------------------------------------------+
| 2022 | 豆油期权             | /dalianshangpin/resource/cms/article/8530800/8533790/opt_y.xlsx               |
+------+----------------------+-------------------------------------------------------------------------------+
| 2022 | 豆粕                 | /dalianshangpin/resource/cms/article/8530800/8533731/m.xlsx                   |
+------+----------------------+-------------------------------------------------------------------------------+
| 2022 | 豆粕期权             | /dalianshangpin/resource/cms/article/8530800/8533747/opt_m.xlsx               |
+------+----------------------+-------------------------------------------------------------------------------+
| 2022 | 铁矿石               | /dalianshangpin/resource/cms/article/8530800/8533724/i.xlsx                   |
+------+----------------------+-------------------------------------------------------------------------------+
| 2022 | 铁矿石期权           | /dalianshangpin/resource/cms/article/8530800/8533784/opt_i.xlsx               |
+------+----------------------+-------------------------------------------------------------------------------+
| 2022 | 鸡蛋                 | /dalianshangpin/resource/cms/article/8530800/8533715/jd.xlsx                  |
+------+----------------------+-------------------------------------------------------------------------------+
| 2022 | 黄大豆1号            | /dalianshangpin/resource/cms/article/8530800/8533677/a.xlsx                   |
+------+----------------------+-------------------------------------------------------------------------------+
| 2022 | 黄大豆1号期权        | /dalianshangpin/resource/cms/article/8530800/8533753/opt_a.xlsx               |
+------+----------------------+-------------------------------------------------------------------------------+
| 2022 | 黄大豆2号            | /dalianshangpin/resource/cms/article/8530800/8533701/b.xlsx                   |
+------+----------------------+-------------------------------------------------------------------------------+
| 2022 | 黄大豆2号期权        | /dalianshangpin/resource/cms/article/8530800/8533756/opt_b.xlsx               |
+------+----------------------+-------------------------------------------------------------------------------+
